D:\AAMduwccc\project\Java\ScheduleAssistant\demo\src\main\java\module-info.java
D:\AAMduwccc\project\Java\ScheduleAssistant\demo\src\main\java\schedule\assist\demo\model\TaskModel.java
D:\AAMduwccc\project\Java\ScheduleAssistant\demo\src\main\java\schedule\assist\demo\repository\JsonTaskRepository.java
D:\AAMduwccc\project\Java\ScheduleAssistant\demo\src\main\java\schedule\assist\demo\repository\TaskRepository.java
D:\AAMduwccc\project\Java\ScheduleAssistant\demo\src\main\java\schedule\assist\demo\service\TaskService.java
D:\AAMduwccc\project\Java\ScheduleAssistant\demo\src\main\java\schedule\assist\demo\service\TaskServiceImpl.java
D:\AAMduwccc\project\Java\ScheduleAssistant\demo\src\main\java\schedule\assist\demo\ui\AddTaskButton.java
D:\AAMduwccc\project\Java\ScheduleAssistant\demo\src\main\java\schedule\assist\demo\ui\DeleteTaskButton.java
D:\AAMduwccc\project\Java\ScheduleAssistant\demo\src\main\java\schedule\assist\demo\ui\HelloApplication.java
D:\AAMduwccc\project\Java\ScheduleAssistant\demo\src\main\java\schedule\assist\demo\ui\HelloController.java
D:\AAMduwccc\project\Java\ScheduleAssistant\demo\src\main\java\schedule\assist\demo\ui\Launcher.java
D:\AAMduwccc\project\Java\ScheduleAssistant\demo\src\main\java\schedule\assist\demo\ui\Task.java
D:\AAMduwccc\project\Java\ScheduleAssistant\demo\src\main\java\schedule\assist\demo\ui\TaskEditor.java
D:\AAMduwccc\project\Java\ScheduleAssistant\demo\src\main\java\schedule\assist\demo\ui\Week.java
D:\AAMduwccc\project\Java\ScheduleAssistant\demo\src\main\java\schedule\assist\demo\util\DataManager.java
